---
source: pls_core/src/inflections/mod.rs
expression: html

---
<div class="pls-inflection-root">
  
<div class="pls-inflection-type-indeclinable">
  <i>'<strong>^kāmaṃ 3$</strong>' is indeclinable.</i>
  </div>


  
</div>

