---
source: pls_core/src/inflections/mod.rs
expression: html

---
pl

