---
source: pls_core/src/inflections/mod.rs
expression: html

---
Failed to render 'test_file'
