---
source: pls_core/src/inflections/mod.rs
expression: output

---
- - ababassa
  - ababa 1
  - nt gen sg
  - " "
- - ababānaṃ
  - ababa 1
  - nt dat pl
  - " "
- - ababaṃ
  - ababa 1
  - nt acc sg
  - " "
- - ababāya
  - ababa 1
  - nt dat sg
  - " "
- - ababassa
  - ababa 1
  - nt dat sg
  - " "
- - ababā
  - ababa 1
  - nt abl sg
  - " "
- - ababamhā
  - ababa 1
  - nt abl sg
  - " "
- - ababasmā
  - ababa 1
  - nt abl sg
  - " "
- - ababato
  - ababa 1
  - nt abl sg
  - " "
- - ababe
  - ababa 1
  - nt acc pl
  - " "
- - ababāni
  - ababa 1
  - nt acc pl
  - " "
- - ababa
  - ababa 1
  - nt voc sg
  - " "
- - ababā
  - ababa 1
  - nt voc sg
  - " "
- - ababaṃ
  - ababa 1
  - nt voc sg
  - " "
- - ababena
  - ababa 1
  - nt instr sg
  - " "
- - ababe
  - ababa 1
  - nt loc sg
  - " "
- - ababamhi
  - ababa 1
  - nt loc sg
  - " "
- - ababasmiṃ
  - ababa 1
  - nt loc sg
  - " "
- - ababa
  - ababa 1
  - "  "
  - " "
- - ababaṃ
  - ababa 1
  - nt nom sg
  - " "
- - ababesu
  - ababa 1
  - nt loc pl
  - " "
- - ababehi
  - ababa 1
  - nt abl pl
  - " "
- - ababebhi
  - ababa 1
  - nt abl pl
  - " "
- - ababato
  - ababa 1
  - nt abl pl
  - " "
- - ababā
  - ababa 1
  - nt voc pl
  - " "
- - ababāni
  - ababa 1
  - nt voc pl
  - " "
- - ababehi
  - ababa 1
  - nt instr pl
  - " "
- - ababebhi
  - ababa 1
  - nt instr pl
  - " "
- - ababā
  - ababa 1
  - nt nom pl
  - " "
- - ababāni
  - ababa 1
  - nt nom pl
  - " "
- - ababānaṃ
  - ababa 1
  - nt gen pl
  - " "

