---
source: pls_core/src/inflections/pmd.rs
expression: output

---
Ok:
  pali1: hoti 2
  word_type:
    Irregular:
      pattern: hoti pr
      inflection_class: Conjugation
  pos: pr
  meaning: exists (for)
  like: irreg

