---
source: test_app/src/main.rs
expression: output

---
- - "a "
  - a 1
  - " "
  - ind

