---
source: pls_core/src/lib.rs
expression: html

---
<div class="pls-inflection-root">
  <header class="pls-inflection-header">
    <summary class="pls-inflection-summary">^taṃ 3$ &ndash; "tvaṃ pron 2nd" (irregular)</summary>
    </header>
<table class="pls-inflection-table pls-inflection-type-declension">
  <thead>
    <tr>
      <td><span class="pls-inflection-table-title">tvaṃ pron 2nd</span></td>
      <td><span class="pls-inflection-col-header">2nd sg</span></td>
      <td><span class="pls-inflection-col-header">2nd pl</span></td>
    </tr>
  </thead>
  <tbody>
    <tr>
      <td>
        <p><span class="pls-inflection-row-header">nom</span></p>
      </td>
      <td>
        <div class="pls-inflection-inflected-word">^tuvaṃ$</div>
        <div class="pls-inflection-inflected-word">^tvaṃ$</div>
        </td>
      <td>
        <div class="pls-inflection-inflected-word">^tumhe$</div>
        </td>
    </tr>
    <tr>
      <td>
        <p><span class="pls-inflection-row-header">acc</span></p>
      </td>
      <td>
        <div class="pls-inflection-inflected-word">^tavaṃ$</div>
        <div class="pls-inflection-inflected-word">^taṃ$</div>
        <div class="pls-inflection-inflected-word">^tuvaṃ$</div>
        </td>
      <td>
        <div class="pls-inflection-inflected-word">^tumhākaṃ$</div>
        <div class="pls-inflection-inflected-word">^tumhe$</div>
        <div class="pls-inflection-inflected-word">^vo$</div>
        </td>
    </tr>
    <tr>
      <td>
        <p><span class="pls-inflection-row-header">instr</span></p>
      </td>
      <td>
        <div class="pls-inflection-inflected-word">^tayā$</div>
        <div class="pls-inflection-inflected-word">^te$</div>
        </td>
      <td>
        <div class="pls-inflection-inflected-word">^tumhehi$</div>
        <div class="pls-inflection-inflected-word">^vo$</div>
        </td>
    </tr>
    <tr>
      <td>
        <p><span class="pls-inflection-row-header">dat</span></p>
      </td>
      <td>
        <div class="pls-inflection-inflected-word">^tava$</div>
        <div class="pls-inflection-inflected-word">^tuyhaṃ$</div>
        <div class="pls-inflection-inflected-word">^te$</div>
        </td>
      <td>
        <div class="pls-inflection-inflected-word">^tumhaṃ$</div>
        <div class="pls-inflection-inflected-word">^tumhākaṃ$</div>
        <div class="pls-inflection-inflected-word">^vo$</div>
        </td>
    </tr>
    <tr>
      <td>
        <p><span class="pls-inflection-row-header">abl</span></p>
      </td>
      <td>
        <div class="pls-inflection-inflected-word">^tayā$</div>
        <div class="pls-inflection-inflected-word">^tvāya$</div>
        </td>
      <td>
        <div class="pls-inflection-inflected-word">^tumhehi$</div>
        </td>
    </tr>
    <tr>
      <td>
        <p><span class="pls-inflection-row-header">gen</span></p>
      </td>
      <td>
        <div class="pls-inflection-inflected-word">^tava$</div>
        <div class="pls-inflection-inflected-word">^tuyhaṃ$</div>
        <div class="pls-inflection-inflected-word">^te$</div>
        </td>
      <td>
        <div class="pls-inflection-inflected-word">^tumhaṃ$</div>
        <div class="pls-inflection-inflected-word">^tumhākaṃ$</div>
        <div class="pls-inflection-inflected-word">^vo$</div>
        </td>
    </tr>
    <tr>
      <td>
        <p><span class="pls-inflection-row-header">loc</span></p>
      </td>
      <td>
        <div class="pls-inflection-inflected-word">^tayi$</div>
        <div class="pls-inflection-inflected-word">^tvāyi$</div>
        </td>
      <td>
        <div class="pls-inflection-inflected-word">^tumhesu$</div>
        </td>
    </tr>
    <tr>
      <td><span class="pls-inflection-row-header">in comps</span></td>
      <td colspan="2">
        </td>
    </tr>
  </tbody>
</table>

  <footer class="pls-inflection-footer">
    <a class="pls-inflection-feedback-link" target="_blank" href="https://docs.google.com/forms/d/e/1FAIpQLSeoxZiqvIWadaLeuXF4f44NCqEn49-B8KNbSvNer5jxgRYdtQ/viewform?entry.267696921=test case&entry.1433863141=v0.1">
      spot a mistake? something missing? fix it here!
    </a>
  </footer>
</div>

