---
source: test_app/src/main.rs
expression: html

---
<div class="pls-inflection-root">
  <header class="pls-inflection-header">
    <summary class="pls-inflection-summary">kamma 1 &ndash; "kamma nt" (like )</summary>
    </header>
<table class="pls-inflection-table pls-inflection-type-declension">
  <thead>
    <tr>
      <td><span class="pls-inflection-table-title">kamma nt</span></td>
      <td colspan="2"><span class="pls-inflection-col-header">masculine</span></td>
      <td colspan="2"><span class="pls-inflection-col-header">feminine</span></td>
      <td colspan="2"><span class="pls-inflection-col-header">neuter</span></td>
    </tr>
    <tr>
      <td><span class="pls-inflection-row-header">case</span></td>
      <td><span class="pls-inflection-col-header">sg</span></td>
      <td><span class="pls-inflection-col-header">pl</span></td>
      <td><span class="pls-inflection-col-header">sg</span></td>
      <td><span class="pls-inflection-col-header">pl</span></td>
      <td><span class="pls-inflection-col-header">sg</span></td>
      <td><span class="pls-inflection-col-header">pl</span></td>
    </tr>
  </thead>
  <tbody>
    <tr>
      <td>
        <p><span class="pls-inflection-row-header">nom</span></p>
      </td>
      <td>
        </td>
      <td>
        </td>
      <td>
        </td>
      <td>
        </td>
      <td>
        <div class="pls-inflection-inflected-word">kamma</div>
        <div class="pls-inflection-inflected-word">kammaṃ</div>
        </td>
      <td>
        <div class="pls-inflection-inflected-word">kammāni</div>
        <div class="pls-inflection-inflected-word">kammā</div>
        </td>
    </tr>
    <tr>
      <td>
        <p><span class="pls-inflection-row-header">acc</span></p>
      </td>
      <td>
        </td>
      <td>
        </td>
      <td>
        </td>
      <td>
        </td>
      <td>
        <div class="pls-inflection-inflected-word">kamma</div>
        <div class="pls-inflection-inflected-word">kammaṃ</div>
        </td>
      <td>
        <div class="pls-inflection-inflected-word">kammāni</div>
        <div class="pls-inflection-inflected-word">kamme</div>
        </td>
    </tr>
    <tr>
      <td>
        <p><span class="pls-inflection-row-header">instr</span></p>
      </td>
      <td>
        </td>
      <td>
        </td>
      <td>
        </td>
      <td>
        </td>
      <td>
        <div class="pls-inflection-inflected-word">kammena</div>
        <div class="pls-inflection-inflected-word">kammunā</div>
        <div class="pls-inflection-inflected-word">kammanā</div>
        </td>
      <td>
        <div class="pls-inflection-inflected-word">kammehi</div>
        </td>
    </tr>
    <tr>
      <td>
        <p><span class="pls-inflection-row-header">dat</span></p>
      </td>
      <td>
        </td>
      <td>
        </td>
      <td>
        </td>
      <td>
        </td>
      <td>
        <div class="pls-inflection-inflected-word">kammassa</div>
        <div class="pls-inflection-inflected-word">kammuno</div>
        </td>
      <td>
        <div class="pls-inflection-inflected-word">kammānaṃ</div>
        </td>
    </tr>
    <tr>
      <td>
        <p><span class="pls-inflection-row-header">abl</span></p>
      </td>
      <td>
        </td>
      <td>
        </td>
      <td>
        </td>
      <td>
        </td>
      <td>
        <div class="pls-inflection-inflected-word">kammasmā</div>
        <div class="pls-inflection-inflected-word">kammamhā</div>
        <div class="pls-inflection-inflected-word">kammunā</div>
        </td>
      <td>
        <div class="pls-inflection-inflected-word">kammehi</div>
        </td>
    </tr>
    <tr>
      <td>
        <p><span class="pls-inflection-row-header">gen</span></p>
      </td>
      <td>
        </td>
      <td>
        </td>
      <td>
        </td>
      <td>
        </td>
      <td>
        <div class="pls-inflection-inflected-word">kammassa</div>
        <div class="pls-inflection-inflected-word">kammuno</div>
        </td>
      <td>
        <div class="pls-inflection-inflected-word">kammānaṃ</div>
        </td>
    </tr>
    <tr>
      <td>
        <p><span class="pls-inflection-row-header">loc</span></p>
      </td>
      <td>
        </td>
      <td>
        </td>
      <td>
        </td>
      <td>
        </td>
      <td>
        <div class="pls-inflection-inflected-word">kamme</div>
        <div class="pls-inflection-inflected-word">kammasmiṃ</div>
        <div class="pls-inflection-inflected-word">kammamhi</div>
        <div class="pls-inflection-inflected-word">kammani</div>
        </td>
      <td>
        <div class="pls-inflection-inflected-word">kammesu</div>
        </td>
    </tr>
    <tr>
      <td>
        <p><span class="pls-inflection-row-header">voc</span></p>
      </td>
      <td>
        </td>
      <td>
        </td>
      <td>
        </td>
      <td>
        </td>
      <td>
        <div class="pls-inflection-inflected-word">kamma</div>
        </td>
      <td>
        <div class="pls-inflection-inflected-word">kammāni</div>
        <div class="pls-inflection-inflected-word">kammā</div>
        </td>
    </tr>
    <tr>
      <td><span class="pls-inflection-row-header">in comps</span></td>
      <td colspan="6">
        <div class="pls-inflection-inflected-word">kamma</div>
        </td>
    </tr>
  </tbody>
</table>

  <footer class="pls-inflection-footer">
    <a class="pls-inflection-feedback-link" target="_blank" href="https://docs.google.com/forms/d/e/1FAIpQLSeoxZiqvIWadaLeuXF4f44NCqEn49-B8KNbSvNer5jxgRYdtQ/viewform?entry.267696921=test case&entry.1433863141=v0.1">
      spot a mistake? something missing? fix it here!
    </a>
  </footer>
</div>

