---
source: pls_core/src/lib.rs
expression: output

---
- - a
  - a 1
  - " "
  - ind

